// Jest Snapshot v1, https://goo.gl/fbAQLP

exports[`App should render the App correctly 1`] = `
<div
  class="app-wrapper"
>
  <header
    class="level"
  >
    <div
      class="level-left"
    >
      
    this be the header
  
    </div>
  </header>
   
  <main
    id="main"
  >
    <router-view />
  </main>
   
  <footer
    class="footer"
  >
    <div
      class="container"
    >
      <div
        class="content has-text-centered"
      >
        
  This the footer
    
      </div>
    </div>
  </footer>
</div>
`;
